node : C:\Website Proje
ct\agno-portal\node_mod
ules\@prisma\client\run
time\client.js:70
At line:1 char:1
+ node test-prisma.js 
> test-output.txt 2>&1
+ ~~~~~~~~~~~~~~~~~~~~~
~~~~~~~~~~~~~~~~~~~~~
    + CategoryInfo     
         : NotSpecifi  
  ed: (C:\Website Pr   
 oj...me\client.js:    
70:String) [], Rem    
oteException
    + FullyQualifiedEr 
   rorId : NativeComm  
  andError
 
${n}`}var Ul=require("@
prisma/client-runtime-u
tils");function 
Bl(e){return e.length==
=0?Promise.resolve([]):
new 
Promise((t,r)=>{let 
n=new Array(e.length),i
=null,o=!1,s=0,a=()=>{o
||(s++,s===e.length&&(o
=!0,i?r(i):t(n)))},l=u=
>{o||(o=!0,r(u))};for(l
et u=0;u<e.length;u++)e
[u].then(c=>{n[u]=c,a()
},c=>{if(!(0,Ul.hasBatc
hIndex)(c)){l(c);return
}c.batchRequestIdx===u?
l(c):(i||(i=c),a())})})
}var Bt=F("prisma:clien
t");typeof globalThis==
"object"&&(globalThis.N
ODE_CLIENT=!0);var Im={
requestArgsToMiddleware
Args:e=>e,middlewareArg
sToRequestArgs:e=>e},Om
=Symbol.for("prisma.cli
ent.transaction.id"),Nm
={id:0,nextId(){return+
+this.id}};function 
zl(e){class t{_original
Client=this;_runtimeDat
aModel;_requestHandler;
_connectionPromise;_dis
connectionPromise;_engi
neConfig;_accelerateEng
ineConfig;_clientVersio
n;_errorFormat;_tracing
Helper;_previewFeatures
;_activeProvider;_globa
lOmit;_extensions;_engi
ne;_appliedParent;_crea
tePrismaPromise=di();co
nstructor(n){if(!n)thro
w new w.PrismaClientIni
tializationError("`Pris
maClient` needs to be 
constructed with a 
non-empty, valid `Prism
aClientOptions`:\n\n```
\nnew PrismaClient({\n 
 ...\n})\n```\n\nor\n\n
```\nconstructor() {\n 
 super({ ... 
});\n}\n```\n          
",hi);e=n.__internal?.c
onfigOverride?.(e)??e,j
l(n,e);let i=new Gl.Eve
ntEmitter().on("error",
()=>{});this._extension
s=Be.empty(),this._prev
iewFeatures=e.previewFe
atures,this._clientVers
ion=e.clientVersion??hi
,this._activeProvider=e
.activeProvider,this._g
lobalOmit=n?.omit,this.
_tracingHelper=kl();let
 o;if(n.adapter){o=n.ad
apter;let s=e.activePro
vider==="postgresql"||e
.activeProvider==="cock
roachdb"?"postgres":e.a
ctiveProvider;if(o.prov
ider!==s)throw new w.Pr
ismaClientInitializatio
nError(`The Driver 
Adapter 
\`${o.adapterName}\`, 
based on 
\`${o.provider}\`, is 
not compatible with 
the provider \`${s}\` 
specified in the 
Prisma schema.`,this._c
lientVersion)}try{let s
=n??{},l=(s.__internal?
?{}).debug===!0;if(l&&F
.enable("prisma:client"
),s.errorFormat?this._e
rrorFormat=s.errorForma
t:process.env.NODE_ENV=
=="production"?this._er
rorFormat="minimal":pro
cess.env.NO_COLOR?this.
_errorFormat="colorless
":this._errorFormat="co
lorless",this._runtimeD
ataModel=e.runtimeDataM
odel,this._engineConfig
={enableDebugLogs:l,log
Level:s.log&&Ol(s.log),
logQueries:s.log&&!!(ty
peof s.log=="string"?s.
log==="query":s.log.fin
d(u=>typeof u=="string"
?u==="query":u.level===
"query")),compilerWasm:
e.compilerWasm,clientVe
rsion:e.clientVersion,p
reviewFeatures:this._pr
eviewFeatures,activePro
vider:e.activeProvider,
inlineSchema:e.inlineSc
hema,tracingHelper:this
._tracingHelper,transac
tionOptions:{maxWait:s.
transactionOptions?.max
Wait??2e3,timeout:s.tra
nsactionOptions?.timeou
t??5e3,isolationLevel:s
.transactionOptions?.is
olationLevel},logEmitte
r:i,adapter:o,accelerat
eUrl:s.accelerateUrl,sq
lCommenters:s.comments,
parameterizationSchema:
e.parameterizationSchem
a,runtimeDataModel:e.ru
ntimeDataModel},this._a
ccelerateEngineConfig=O
bject.create(this._engi
neConfig),this._acceler
ateEngineConfig.acceler
ateUtils={resolveDataso
urceUrl:()=>{if(s.accel
erateUrl)return 
s.accelerateUrl;throw 
new w.PrismaClientIniti
alizationError(`\`accel
erateUrl\` is required 
when using \`@prisma/ex
tension-accelerate\`:
                       
                       
                       
                       
                       
                       
                       
                       
                       
                       
                       
                       
                       
                       
                       
                       
                       
                       
                       
                       
                       
                       
                       
                       
                       
                       
                       
                       
                       
                       
                       
                       
                       
                       
                       
                       
                       
                       
                       
                       
                       
          ^

PrismaClientInitializat
ionError: 
`PrismaClient` needs 
to be constructed with 
a non-empty, valid 
`PrismaClientOptions`:

```
new PrismaClient({
  ...
})
```

or

```
constructor() {
  super({ ... });
}
```
          
    at new t 
(C:\Website Project\agn
o-portal\node_modules\@
prisma\client\runtime\c
lient.js:70:960)
    at 
Object.<anonymous> 
(C:\Website Project\agn
o-portal\test-prisma.js
:2:16)
    at Module._compile 
(node:internal/modules/
cjs/loader:1804:14)
    at Object..js (node
:internal/modules/cjs/l
oader:1936:10)
    at Module.load (nod
e:internal/modules/cjs/
loader:1525:32)
    at Module._load (no
de:internal/modules/cjs
/loader:1327:12)
    at TracingChannel.t
raceSync (node:diagnost
ics_channel:328:14)
    at wrapModuleLoad (
node:internal/modules/c
js/loader:245:24)
    at Module.executeUs
erEntryPoint [as 
runMain] (node:internal
/modules/run_main:154:5
)
    at node:internal/ma
in/run_main_module:33:4
7 {
  clientVersion: 
'7.4.2',
  errorCode: undefined,
  retryable: undefined
}

Node.js v24.13.1
